Traceback (most recent call last):
  File "<frozen runpy>", line 198, in _run_module_as_main
  File "<frozen runpy>", line 88, in _run_code
  File "/workspace/scratch/fda2e73837a5/Signal-Space/python/signal_space/__main__.py", line 3, in <module>
    raise SystemExit(main())
                     ^^^^^^
  File "/workspace/scratch/fda2e73837a5/Signal-Space/python/signal_space/cli.py", line 124, in main
    elif args.command == "analyze": result = runtime.analyze(workspace, args.run_id)
                                             ^^^^^^^^^^^^^^^^^^^^^^^^^^^^^^^^^^^^^^^
  File "/workspace/scratch/fda2e73837a5/Signal-Space/python/signal_space/runtime/runner.py", line 376, in analyze
    result = plugin.analyze(package.path, path, config)
             ^^^^^^^^^^^^^^^^^^^^^^^^^^^^^^^^^^^^^^^^^^
  File "/workspace/scratch/fda2e73837a5/Signal-Space/python/signal_space/experiments/reconstruction.py", line 32, in analyze
    return analyze(run_path,analysis_path,config)
           ^^^^^^^^^^^^^^^^^^^^^^^^^^^^^^^^^^^^^^
  File "/workspace/scratch/fda2e73837a5/Signal-Space/python/signal_space/analysis/reconstruction.py", line 14, in analyze
    valid=all(digest(ROOT[x['path']])==x['sha256'] for x in p['frozen_inputs'])
          ^^^^^^^^^^^^^^^^^^^^^^^^^^^^^^^^^^^^^^^^^^^^^^^^^^^^^^^^^^^^^^^^^^^^^
  File "/workspace/scratch/fda2e73837a5/Signal-Space/python/signal_space/analysis/reconstruction.py", line 14, in <genexpr>
    valid=all(digest(ROOT[x['path']])==x['sha256'] for x in p['frozen_inputs'])
                     ~~~~^^^^^^^^^^^
TypeError: 'PosixPath' object is not subscriptable
